$ next build
error: script "build" exited with code 1
